V3 3
FL C:/Users/Rian/Documents/MICROELETRONICA/LAB2/CIRC_ARITMETICO/CIRC_ARITMETICO.vhd 2024/04/14.16:04:13 P.20131013
EN work/CIRC_ARITMETICO 1713148127 \
      FL C:/Users/Rian/Documents/MICROELETRONICA/LAB2/CIRC_ARITMETICO/CIRC_ARITMETICO.vhd \
      PB ieee/std_logic_1164 1381692176 PB ieee/NUMERIC_STD 1381692181
AR work/CIRC_ARITMETICO/Behavioral 1713148128 \
      FL C:/Users/Rian/Documents/MICROELETRONICA/LAB2/CIRC_ARITMETICO/CIRC_ARITMETICO.vhd \
      EN work/CIRC_ARITMETICO 1713148127
