V3 3
FL C:/Users/Rian/Documents/MICROELETRONICA/LAB2/BCD_7/BCD_7.vhd 2024/04/05.16:12:29 P.20131013
EN work/BCD_7 1712948937 \
      FL C:/Users/Rian/Documents/MICROELETRONICA/LAB2/BCD_7/BCD_7.vhd \
      PB ieee/std_logic_1164 1381692176
AR work/BCD_7/Behavioral 1712948938 \
      FL C:/Users/Rian/Documents/MICROELETRONICA/LAB2/BCD_7/BCD_7.vhd \
      EN work/BCD_7 1712948937
