V3 3
FL C:/Users/Rian/Documents/MICROELETRONICA/LAB2/HAMMING/HAMMING.vhd 2024/04/10.19:20:20 P.20131013
EN work/HAMMING 1712940794 \
      FL C:/Users/Rian/Documents/MICROELETRONICA/LAB2/HAMMING/HAMMING.vhd \
      PB ieee/std_logic_1164 1381692176
AR work/HAMMING/Behavioral 1712940795 \
      FL C:/Users/Rian/Documents/MICROELETRONICA/LAB2/HAMMING/HAMMING.vhd \
      EN work/HAMMING 1712940794
