V3 3
FL C:/Users/Rian/Documents/MICROELETRONICA/LAB2/ORDENADOR_BINARIO/ORDENADOR_BINARIO.vhd 2024/04/14.19:16:18 P.20131013
EN work/ORDENADOR_BINARIO 1713133038 \
      FL C:/Users/Rian/Documents/MICROELETRONICA/LAB2/ORDENADOR_BINARIO/ORDENADOR_BINARIO.vhd \
      PB ieee/std_logic_1164 1381692176
AR work/ORDENADOR_BINARIO/Behavioral 1713133039 \
      FL C:/Users/Rian/Documents/MICROELETRONICA/LAB2/ORDENADOR_BINARIO/ORDENADOR_BINARIO.vhd \
      EN work/ORDENADOR_BINARIO 1713133038
